commercial folds: 16  structures: 4795
                      brier  logloss     auc  share_err
model                                                  
commercial_only      0.2125   0.6143  0.6812     0.1702
home_curve           0.2174   0.6272  0.6428     0.1828
wildfirevuln         0.2200   0.6353  0.6866     0.1730
joint_shared_slopes  0.2203   0.6361  0.6708     0.1797
gbm_joint            0.2221   0.6488  0.6362     0.1740
constant             0.2307   0.6548  0.5000     0.1910
commercial share 80% coverage 0.812 over 16 fires
                              brier  logloss  share_err
k   model                                              
25  gbm_recentred_on_homes   0.2080   0.6355     0.1427
    wildfirevuln_from_homes  0.1912   0.5771     0.1304
    wildfirevuln_prior       0.2200   0.6353     0.1730
50  gbm_recentred_on_homes   0.2065   0.6492     0.1356
    wildfirevuln_from_homes  0.1914   0.5886     0.1231
    wildfirevuln_prior       0.2200   0.6353     0.1730
100 gbm_recentred_on_homes   0.2100   0.6755     0.1523
    wildfirevuln_from_homes  0.1950   0.6154     0.1421
    wildfirevuln_prior       0.2200   0.6353     0.1730
200 gbm_recentred_on_homes   0.2026   0.6387     0.1313
    wildfirevuln_from_homes  0.1890   0.5957     0.1244
    wildfirevuln_prior       0.2272   0.6528     0.1800
        struct                           name       asset  odds_ratio  or_lo90  or_hi90     n  burnt_share
         sfr_2    Single-family, multi-storey residential       0.623    0.538    0.677 24096        0.331
        mobile     Manufactured / mobile home residential       2.175    1.993    2.432  8578        0.728
     motorhome           Motor home / trailer residential       3.213    2.705    4.107  1810        0.583
         com_1         Commercial, one storey  commercial       0.705    0.396    1.363  3597        0.406
         com_2       Commercial, multi-storey  commercial       0.475    0.294    0.733   620        0.240
 institutional       School, church, hospital  commercial       0.399    0.178    0.973   708        0.275
         mixed Mixed commercial / residential  commercial       0.808    0.362    1.349   410        0.278
infrastructure        Infrastructure, utility  commercial       0.236    0.129    0.399   883        0.116
         level  beta_residential  se_residential  beta_commercial  se_commercial  z_difference
  era=post2008            -0.618           0.055           -1.686          0.286        -3.667
     roof=wood             0.976           0.097            1.435          0.230         1.837
eaves=enclosed            -0.405           0.027           -0.659          0.110        -2.251
    vents=fine            -0.352           0.025           -0.212          0.119         1.150
    vents=none            -0.925           0.028           -0.773          0.091         1.593
